11.02.2023 - 19:29:22 - [TAB v3.2.4] Something just tried to add player Dalynkaa into team 01 (expected team: 6DalynkaaA)
02.04.2023 - 09:12:08 - [TAB v3.2.4] Something just tried to add player Dalynkaa into team collideRule_1645 (expected team: 1DalynkaaA)
02.04.2023 - 09:13:04 - [TAB v3.2.4] Something just tried to add player kC0HMxbayC into team collideRule_1645 (expected team: 6kC0HMxbayCA)
02.04.2023 - 09:13:49 - [TAB v3.2.4] Something just tried to add player bWLWWt9xGn into team collideRule_1645 (expected team: 6bWLWWt9xGnA)
02.04.2023 - 09:13:49 - [TAB v3.2.4] Something just tried to add player bWLWWt9xGn into team collideRule_1645 (expected team: 6bWLWWt9xGnA)
02.04.2023 - 09:13:49 - [TAB v3.2.4] Something just tried to add player bWLWWt9xGn into team collideRule_1645 (expected team: 6bWLWWt9xGnA)
02.04.2023 - 09:14:43 - [TAB v3.2.4] Something just tried to add player PZ1BCBx5pv into team collideRule_1645 (expected team: 6PZ1BCBx5pvA)
02.04.2023 - 09:14:43 - [TAB v3.2.4] Something just tried to add player PZ1BCBx5pv into team collideRule_1645 (expected team: 6PZ1BCBx5pvA)
02.04.2023 - 09:14:51 - [TAB v3.2.4] Something just tried to add player BZ7fgAfgCm into team collideRule_1645 (expected team: 6BZ7fgAfgCmA)
02.04.2023 - 09:15:14 - [TAB v3.2.4] Something just tried to add player Bjnvc4ibgC into team collideRule_1645 (expected team: 6Bjnvc4ibgCA)
02.04.2023 - 09:15:18 - [TAB v3.2.4] Something just tried to add player GcZDOcBiFB into team collideRule_1645 (expected team: 6GcZDOcBiFBA)
02.04.2023 - 09:15:23 - [TAB v3.2.4] Something just tried to add player GbC0k5rIEB into team collideRule_1645 (expected team: 6GbC0k5rIEBA)
02.04.2023 - 09:15:27 - [TAB v3.2.4] Something just tried to add player SFxAb4HLY3 into team collideRule_1645 (expected team: 6SFxAb4HLY3A)
02.04.2023 - 09:15:32 - [TAB v3.2.4] Something just tried to add player 0TrXngAzBy into team collideRule_1645 (expected team: 60TrXngAzByA)
02.04.2023 - 09:15:37 - [TAB v3.2.4] Something just tried to add player rB41d35V0m into team collideRule_1645 (expected team: 6rB41d35V0mA)
02.04.2023 - 09:15:41 - [TAB v3.2.4] Something just tried to add player o2ZJz51S5r into team collideRule_1645 (expected team: 6o2ZJz51S5rA)
02.04.2023 - 09:15:46 - [TAB v3.2.4] Something just tried to add player 4yKzukKO07 into team collideRule_1645 (expected team: 64yKzukKO07A)
02.04.2023 - 09:15:50 - [TAB v3.2.4] Something just tried to add player eyoBoiVvMw into team collideRule_1645 (expected team: 6eyoBoiVvMwA)
02.04.2023 - 09:15:55 - [TAB v3.2.4] Something just tried to add player UMVGI9x0VV into team collideRule_1645 (expected team: 6UMVGI9x0VVA)
02.04.2023 - 09:15:59 - [TAB v3.2.4] Something just tried to add player b39FIKK0K9 into team collideRule_1645 (expected team: 6b39FIKK0K9A)
02.04.2023 - 09:16:04 - [TAB v3.2.4] Something just tried to add player 1qhwLPcrI0 into team collideRule_1645 (expected team: 61qhwLPcrI0A)
02.04.2023 - 09:16:04 - [TAB v3.2.4] Something just tried to add player 1qhwLPcrI0 into team collideRule_1645 (expected team: 61qhwLPcrI0A)
02.04.2023 - 09:16:08 - [TAB v3.2.4] Something just tried to add player QndKHeoYdN into team collideRule_1645 (expected team: 6QndKHeoYdNA)
02.04.2023 - 09:16:13 - [TAB v3.2.4] Something just tried to add player 5LM6p3b1n1 into team collideRule_1645 (expected team: 65LM6p3b1n1A)
02.04.2023 - 09:16:17 - [TAB v3.2.4] Something just tried to add player BBoptuA5Mk into team collideRule_1645 (expected team: 6BBoptuA5MkA)
02.04.2023 - 09:16:22 - [TAB v3.2.4] Something just tried to add player eCS3VrBsYG into team collideRule_1645 (expected team: 6eCS3VrBsYGA)
02.04.2023 - 09:16:27 - [TAB v3.2.4] Something just tried to add player utdfi4J7R5 into team collideRule_1645 (expected team: 6utdfi4J7R5A)
02.04.2023 - 09:16:31 - [TAB v3.2.4] Something just tried to add player ROw0pfmY3R into team collideRule_1645 (expected team: 6ROw0pfmY3RA)
02.04.2023 - 09:16:36 - [TAB v3.2.4] Something just tried to add player QBssveIkQw into team collideRule_1645 (expected team: 6QBssveIkQwA)
02.04.2023 - 09:16:40 - [TAB v3.2.4] Something just tried to add player F9yQj9EY67 into team collideRule_1645 (expected team: 6F9yQj9EY67A)
02.04.2023 - 09:16:40 - [TAB v3.2.4] Something just tried to add player F9yQj9EY67 into team collideRule_1645 (expected team: 6F9yQj9EY67A)
02.04.2023 - 09:16:45 - [TAB v3.2.4] Something just tried to add player zXUsQZVvZv into team collideRule_1645 (expected team: 6zXUsQZVvZvA)
02.04.2023 - 09:16:49 - [TAB v3.2.4] Something just tried to add player zVfffEF15o into team collideRule_1645 (expected team: 6zVfffEF15oA)
02.04.2023 - 09:16:54 - [TAB v3.2.4] Something just tried to add player qHakzaLgTn into team collideRule_1645 (expected team: 6qHakzaLgTnA)
02.04.2023 - 09:16:58 - [TAB v3.2.4] Something just tried to add player 5zmPV7UvcG into team collideRule_1645 (expected team: 65zmPV7UvcGA)
02.04.2023 - 09:17:03 - [TAB v3.2.4] Something just tried to add player atn3nU8RTI into team collideRule_1645 (expected team: 6atn3nU8RTIA)
02.04.2023 - 09:17:07 - [TAB v3.2.4] Something just tried to add player GXW5bKwOCT into team collideRule_1645 (expected team: 6GXW5bKwOCTA)
02.04.2023 - 09:17:07 - [TAB v3.2.4] Something just tried to add player GXW5bKwOCT into team collideRule_1645 (expected team: 6GXW5bKwOCTA)
02.04.2023 - 09:17:16 - [TAB v3.2.4] Something just tried to add player s4pUiMLs6O into team collideRule_1645 (expected team: 6s4pUiMLs6OA)
02.04.2023 - 09:17:21 - [TAB v3.2.4] Something just tried to add player KAC5v0SgXB into team collideRule_1645 (expected team: 6KAC5v0SgXBA)
02.04.2023 - 09:17:26 - [TAB v3.2.4] Something just tried to add player qCb02SwZAn into team collideRule_1645 (expected team: 6qCb02SwZAnA)
02.04.2023 - 09:17:35 - [TAB v3.2.4] Something just tried to add player ON6JUrGKqC into team collideRule_1645 (expected team: 6ON6JUrGKqCA)
02.04.2023 - 09:17:39 - [TAB v3.2.4] Something just tried to add player J3xJAyVore into team collideRule_1645 (expected team: 6J3xJAyVoreA)
02.04.2023 - 09:17:44 - [TAB v3.2.4] Something just tried to add player eI64h97Qyt into team collideRule_1645 (expected team: 6eI64h97QytA)
02.04.2023 - 09:17:48 - [TAB v3.2.4] Something just tried to add player IWdqV78E9G into team collideRule_1645 (expected team: 6IWdqV78E9GA)
02.04.2023 - 09:17:53 - [TAB v3.2.4] Something just tried to add player Ns99sCvDDB into team collideRule_1645 (expected team: 6Ns99sCvDDBA)
02.04.2023 - 09:17:57 - [TAB v3.2.4] Something just tried to add player nPttn8f2Ak into team collideRule_1645 (expected team: 6nPttn8f2AkA)
02.04.2023 - 09:18:02 - [TAB v3.2.4] Something just tried to add player JBRJHVlVvE into team collideRule_1645 (expected team: 6JBRJHVlVvEA)
02.04.2023 - 09:18:06 - [TAB v3.2.4] Something just tried to add player dHCKQiGj63 into team collideRule_1645 (expected team: 6dHCKQiGj63A)
02.04.2023 - 09:18:11 - [TAB v3.2.4] Something just tried to add player 73IqmFYbk1 into team collideRule_1645 (expected team: 673IqmFYbk1A)
02.04.2023 - 09:18:15 - [TAB v3.2.4] Something just tried to add player KY6E3kr40v into team collideRule_1645 (expected team: 6KY6E3kr40vA)
02.04.2023 - 09:18:20 - [TAB v3.2.4] Something just tried to add player ztjvJ8lmEF into team collideRule_1645 (expected team: 6ztjvJ8lmEFA)
02.04.2023 - 09:18:25 - [TAB v3.2.4] Something just tried to add player 49V9JUkEg0 into team collideRule_1645 (expected team: 649V9JUkEg0A)
02.04.2023 - 09:18:29 - [TAB v3.2.4] Something just tried to add player FSnRuEvahY into team collideRule_1645 (expected team: 6FSnRuEvahYA)
02.04.2023 - 09:18:34 - [TAB v3.2.4] Something just tried to add player AtqXmPSFql into team collideRule_1645 (expected team: 6AtqXmPSFqlA)
02.04.2023 - 09:18:38 - [TAB v3.2.4] Something just tried to add player vVaM2uqqdK into team collideRule_1645 (expected team: 6vVaM2uqqdKA)
02.04.2023 - 09:18:43 - [TAB v3.2.4] Something just tried to add player 4Bpw5Zmqcq into team collideRule_1645 (expected team: 64Bpw5ZmqcqA)
02.04.2023 - 09:18:47 - [TAB v3.2.4] Something just tried to add player FYY5C08EcT into team collideRule_1645 (expected team: 6FYY5C08EcTA)
02.04.2023 - 09:18:52 - [TAB v3.2.4] Something just tried to add player MJIpnzdH2M into team collideRule_1645 (expected team: 6MJIpnzdH2MA)
02.04.2023 - 09:18:56 - [TAB v3.2.4] Something just tried to add player uUrFnO8pN1 into team collideRule_1645 (expected team: 6uUrFnO8pN1A)
02.04.2023 - 09:19:01 - [TAB v3.2.4] Something just tried to add player Ctv8isV4Us into team collideRule_1645 (expected team: 6Ctv8isV4UsA)
02.04.2023 - 09:19:06 - [TAB v3.2.4] Something just tried to add player E0GMhCwEFo into team collideRule_1645 (expected team: 6E0GMhCwEFoA)
02.04.2023 - 09:19:10 - [TAB v3.2.4] Something just tried to add player IqKG5y22f9 into team collideRule_1645 (expected team: 6IqKG5y22f9A)
02.04.2023 - 09:19:15 - [TAB v3.2.4] Something just tried to add player xuCaqbwi4x into team collideRule_1645 (expected team: 6xuCaqbwi4xA)
02.04.2023 - 09:19:19 - [TAB v3.2.4] Something just tried to add player y6bOTMXMX5 into team collideRule_1645 (expected team: 6y6bOTMXMX5A)
02.04.2023 - 09:19:24 - [TAB v3.2.4] Something just tried to add player tQk9b09MEW into team collideRule_1645 (expected team: 6tQk9b09MEWA)
02.04.2023 - 09:19:24 - [TAB v3.2.4] Something just tried to add player tQk9b09MEW into team collideRule_1645 (expected team: 6tQk9b09MEWA)
02.04.2023 - 09:19:28 - [TAB v3.2.4] Something just tried to add player B8COHtrQZJ into team collideRule_1645 (expected team: 6B8COHtrQZJA)
02.04.2023 - 09:19:33 - [TAB v3.2.4] Something just tried to add player QNHIyYYT92 into team collideRule_1645 (expected team: 6QNHIyYYT92A)
02.04.2023 - 09:19:33 - [TAB v3.2.4] Something just tried to add player QNHIyYYT92 into team collideRule_1645 (expected team: 6QNHIyYYT92A)
02.04.2023 - 09:19:37 - [TAB v3.2.4] Something just tried to add player rTJCzITGQZ into team collideRule_1645 (expected team: 6rTJCzITGQZA)
02.04.2023 - 09:19:42 - [TAB v3.2.4] Something just tried to add player lk4CxPu38a into team collideRule_1645 (expected team: 6lk4CxPu38aA)
02.04.2023 - 09:19:47 - [TAB v3.2.4] Something just tried to add player p8apZYil2U into team collideRule_1645 (expected team: 6p8apZYil2UA)
02.04.2023 - 09:19:51 - [TAB v3.2.4] Something just tried to add player jEaulVe8dv into team collideRule_1645 (expected team: 6jEaulVe8dvA)
02.04.2023 - 09:19:55 - [TAB v3.2.4] Something just tried to add player IAT88znUKU into team collideRule_1645 (expected team: 6IAT88znUKUA)
02.04.2023 - 09:20:00 - [TAB v3.2.4] Something just tried to add player d0tj9Vt7yR into team collideRule_1645 (expected team: 6d0tj9Vt7yRA)
02.04.2023 - 09:20:05 - [TAB v3.2.4] Something just tried to add player Gpi3x3XvA3 into team collideRule_1645 (expected team: 6Gpi3x3XvA3A)
02.04.2023 - 09:20:09 - [TAB v3.2.4] Something just tried to add player xpQNWQOSUS into team collideRule_1645 (expected team: 6xpQNWQOSUSA)
02.04.2023 - 09:20:14 - [TAB v3.2.4] Something just tried to add player KHoLlzPB4P into team collideRule_1645 (expected team: 6KHoLlzPB4PA)
02.04.2023 - 09:20:18 - [TAB v3.2.4] Something just tried to add player poFmbbIWCk into team collideRule_1645 (expected team: 6poFmbbIWCkA)
02.04.2023 - 09:20:23 - [TAB v3.2.4] Something just tried to add player 8llHDpkQRJ into team collideRule_1645 (expected team: 68llHDpkQRJA)
02.04.2023 - 09:20:27 - [TAB v3.2.4] Something just tried to add player NsUsVrKlUj into team collideRule_1645 (expected team: 6NsUsVrKlUjA)
02.04.2023 - 09:20:32 - [TAB v3.2.4] Something just tried to add player ozgSBLo04t into team collideRule_1645 (expected team: 6ozgSBLo04tA)
02.04.2023 - 09:20:36 - [TAB v3.2.4] Something just tried to add player xqWPYIWDAB into team collideRule_1645 (expected team: 6xqWPYIWDABA)
02.04.2023 - 09:20:36 - [TAB v3.2.4] Something just tried to add player xqWPYIWDAB into team collideRule_1645 (expected team: 6xqWPYIWDABA)
02.04.2023 - 09:20:41 - [TAB v3.2.4] Something just tried to add player zVESzncAyq into team collideRule_1645 (expected team: 6zVESzncAyqA)
02.04.2023 - 09:20:45 - [TAB v3.2.4] Something just tried to add player RAodXQOgKv into team collideRule_1645 (expected team: 6RAodXQOgKvA)
02.04.2023 - 09:20:50 - [TAB v3.2.4] Something just tried to add player AyWhcTQy4w into team collideRule_1645 (expected team: 6AyWhcTQy4wA)
02.04.2023 - 09:20:55 - [TAB v3.2.4] Something just tried to add player SetKKhJPH1 into team collideRule_1645 (expected team: 6SetKKhJPH1A)
02.04.2023 - 09:20:59 - [TAB v3.2.4] Something just tried to add player RquOQZ3090 into team collideRule_1645 (expected team: 6RquOQZ3090A)
02.04.2023 - 09:21:04 - [TAB v3.2.4] Something just tried to add player JjvLREKl86 into team collideRule_1645 (expected team: 6JjvLREKl86A)
02.04.2023 - 09:21:08 - [TAB v3.2.4] Something just tried to add player EgM29ZID7c into team collideRule_1645 (expected team: 6EgM29ZID7cA)
02.04.2023 - 09:21:13 - [TAB v3.2.4] Something just tried to add player EG7AoD5cfQ into team collideRule_1645 (expected team: 6EG7AoD5cfQA)
02.04.2023 - 09:21:17 - [TAB v3.2.4] Something just tried to add player Ed3quh2za5 into team collideRule_1645 (expected team: 6Ed3quh2za5A)
02.04.2023 - 09:21:22 - [TAB v3.2.4] Something just tried to add player kRyHelcmsS into team collideRule_1645 (expected team: 6kRyHelcmsSA)
02.04.2023 - 09:21:26 - [TAB v3.2.4] Something just tried to add player 8rrWGcIRNh into team collideRule_1645 (expected team: 68rrWGcIRNhA)
02.04.2023 - 09:21:34 - [TAB v3.2.4] Something just tried to add player y0prnTbuFy into team collideRule_1645 (expected team: 6y0prnTbuFyA)
02.04.2023 - 09:21:38 - [TAB v3.2.4] Something just tried to add player CQLI6nwo4e into team collideRule_1645 (expected team: 6CQLI6nwo4eA)
02.04.2023 - 09:21:40 - [TAB v3.2.4] Something just tried to add player 4gIxiijOVA into team collideRule_1645 (expected team: 64gIxiijOVAA)
02.04.2023 - 09:21:45 - [TAB v3.2.4] Something just tried to add player zWHUjZXlrQ into team collideRule_1645 (expected team: 6zWHUjZXlrQA)
02.04.2023 - 09:21:54 - [TAB v3.2.4] Something just tried to add player PA7Pm72YJH into team collideRule_1645 (expected team: 6PA7Pm72YJHA)
02.04.2023 - 09:21:58 - [TAB v3.2.4] Something just tried to add player HIqDzbVR1t into team collideRule_1645 (expected team: 6HIqDzbVR1tA)
02.04.2023 - 09:22:03 - [TAB v3.2.4] Something just tried to add player R9b9pvqARW into team collideRule_1645 (expected team: 6R9b9pvqARWA)
02.04.2023 - 09:22:07 - [TAB v3.2.4] Something just tried to add player hOfgcabAAe into team collideRule_1645 (expected team: 6hOfgcabAAeA)
02.04.2023 - 09:22:12 - [TAB v3.2.4] Something just tried to add player 4BaSIqUgC3 into team collideRule_1645 (expected team: 64BaSIqUgC3A)
02.04.2023 - 09:22:17 - [TAB v3.2.4] Something just tried to add player 9fbl11lA3v into team collideRule_1645 (expected team: 69fbl11lA3vA)
02.04.2023 - 09:22:21 - [TAB v3.2.4] Something just tried to add player MXckGbUHQX into team collideRule_1645 (expected team: 6MXckGbUHQXA)
02.04.2023 - 09:22:26 - [TAB v3.2.4] Something just tried to add player FO46SDM77t into team collideRule_1645 (expected team: 6FO46SDM77tA)
02.04.2023 - 09:22:30 - [TAB v3.2.4] Something just tried to add player JOWfRT8DyW into team collideRule_1645 (expected team: 6JOWfRT8DyWA)
02.04.2023 - 12:09:51 - [TAB v3.2.4] Something just tried to add player vanssai into team collideRule_1645 (expected team: 1vanssaiA)
02.04.2023 - 17:32:55 - [TAB v3.2.4] Something just tried to add player Dalynkaa into team collideRule_5468 (expected team: 1DalynkaaA)
03.04.2023 - 10:38:39 - [TAB v3.2.4] Something just tried to add player Dalynkaa into team collideRule_1540 (expected team: 1DalynkaaA)
03.04.2023 - 11:19:43 - [TAB v3.2.4] Something just tried to add player Dalynkaa into team collideRule_2050 (expected team: 1DalynkaaA)
03.04.2023 - 11:35:16 - [TAB v3.2.4] Something just tried to add player Dalynkaa into team collideRule_2046 (expected team: 1DalynkaaA)
03.04.2023 - 11:42:29 - [TAB v3.2.4] Something just tried to add player rgFhmJaQ2I into team collideRule_2046 (expected team: 6rgFhmJaQ2IA)
03.04.2023 - 11:42:38 - [TAB v3.2.4] Something just tried to add player ZBu7fkLXii into team collideRule_2046 (expected team: 6ZBu7fkLXiiA)
03.04.2023 - 11:42:43 - [TAB v3.2.4] Something just tried to add player 839lma3M18 into team collideRule_2046 (expected team: 6839lma3M18A)
03.04.2023 - 11:42:48 - [TAB v3.2.4] Something just tried to add player TAlF4mlC8M into team collideRule_2046 (expected team: 6TAlF4mlC8MA)
03.04.2023 - 11:42:53 - [TAB v3.2.4] Something just tried to add player YQX0QpZuYm into team collideRule_2046 (expected team: 6YQX0QpZuYmA)
03.04.2023 - 11:42:58 - [TAB v3.2.4] Something just tried to add player Auyl99kkW4 into team collideRule_2046 (expected team: 6Auyl99kkW4A)
03.04.2023 - 11:42:58 - [TAB v3.2.4] Something just tried to add player Auyl99kkW4 into team collideRule_2046 (expected team: 6Auyl99kkW4A)
03.04.2023 - 11:43:03 - [TAB v3.2.4] Something just tried to add player LieIr7sq4L into team collideRule_2046 (expected team: 6LieIr7sq4LA)
03.04.2023 - 11:43:08 - [TAB v3.2.4] Something just tried to add player QpM2CNGP2e into team collideRule_2046 (expected team: 6QpM2CNGP2eA)
03.04.2023 - 11:43:13 - [TAB v3.2.4] Something just tried to add player qs8YSJxYfq into team collideRule_2046 (expected team: 6qs8YSJxYfqA)
03.04.2023 - 11:43:13 - [TAB v3.2.4] Something just tried to add player qs8YSJxYfq into team collideRule_2046 (expected team: 6qs8YSJxYfqA)
03.04.2023 - 11:43:18 - [TAB v3.2.4] Something just tried to add player nrBBDmTv0C into team collideRule_2046 (expected team: 6nrBBDmTv0CA)
03.04.2023 - 11:43:23 - [TAB v3.2.4] Something just tried to add player Xkdnnfw7Md into team collideRule_2046 (expected team: 6Xkdnnfw7MdA)
03.04.2023 - 11:43:28 - [TAB v3.2.4] Something just tried to add player qCzI4HmdmW into team collideRule_2046 (expected team: 6qCzI4HmdmWA)
03.04.2023 - 11:43:33 - [TAB v3.2.4] Something just tried to add player xtd18lBBMU into team collideRule_2046 (expected team: 6xtd18lBBMUA)
03.04.2023 - 11:43:38 - [TAB v3.2.4] Something just tried to add player 7hY8dVIfgm into team collideRule_2046 (expected team: 67hY8dVIfgmA)
03.04.2023 - 11:43:43 - [TAB v3.2.4] Something just tried to add player IHrjTv0Nul into team collideRule_2046 (expected team: 6IHrjTv0NulA)
03.04.2023 - 11:43:43 - [TAB v3.2.4] Something just tried to add player IHrjTv0Nul into team collideRule_2046 (expected team: 6IHrjTv0NulA)
03.04.2023 - 11:43:48 - [TAB v3.2.4] Something just tried to add player LAkCcY8uDx into team collideRule_2046 (expected team: 6LAkCcY8uDxA)
03.04.2023 - 11:43:53 - [TAB v3.2.4] Something just tried to add player 3nCFwMxuck into team collideRule_2046 (expected team: 63nCFwMxuckA)
03.04.2023 - 11:43:59 - [TAB v3.2.4] Something just tried to add player y69X8QNJDk into team collideRule_2046 (expected team: 6y69X8QNJDkA)
03.04.2023 - 11:44:04 - [TAB v3.2.4] Something just tried to add player ELnplvDsvf into team collideRule_2046 (expected team: 6ELnplvDsvfA)
03.04.2023 - 11:44:09 - [TAB v3.2.4] Something just tried to add player 50CtpYQlhL into team collideRule_2046 (expected team: 650CtpYQlhLA)
03.04.2023 - 11:44:19 - [TAB v3.2.4] Something just tried to add player WNOtbB9zwm into team collideRule_2046 (expected team: 6WNOtbB9zwmA)
03.04.2023 - 11:44:29 - [TAB v3.2.4] Something just tried to add player EbiSiUmoXA into team collideRule_2046 (expected team: 6EbiSiUmoXAA)
03.04.2023 - 11:44:34 - [TAB v3.2.4] Something just tried to add player tqNjKJYuUh into team collideRule_2046 (expected team: 6tqNjKJYuUhA)
03.04.2023 - 11:44:39 - [TAB v3.2.4] Something just tried to add player Q8TTDBNClJ into team collideRule_2046 (expected team: 6Q8TTDBNClJA)
03.04.2023 - 11:44:44 - [TAB v3.2.4] Something just tried to add player gZV1pVeAfw into team collideRule_2046 (expected team: 6gZV1pVeAfwA)
03.04.2023 - 11:44:44 - [TAB v3.2.4] Something just tried to add player gZV1pVeAfw into team collideRule_2046 (expected team: 6gZV1pVeAfwA)
03.04.2023 - 11:44:49 - [TAB v3.2.4] Something just tried to add player 9aiIX2bWLO into team collideRule_2046 (expected team: 69aiIX2bWLOA)
03.04.2023 - 11:44:54 - [TAB v3.2.4] Something just tried to add player ZYRrf9eZKk into team collideRule_2046 (expected team: 6ZYRrf9eZKkA)
03.04.2023 - 11:44:59 - [TAB v3.2.4] Something just tried to add player YXAnBlp30V into team collideRule_2046 (expected team: 6YXAnBlp30VA)
03.04.2023 - 11:45:04 - [TAB v3.2.4] Something just tried to add player eaQrV8VbNB into team collideRule_2046 (expected team: 6eaQrV8VbNBA)
03.04.2023 - 11:45:09 - [TAB v3.2.4] Something just tried to add player GMbj1pU2Rp into team collideRule_2046 (expected team: 6GMbj1pU2RpA)
03.04.2023 - 11:45:14 - [TAB v3.2.4] Something just tried to add player DB6dm7iafN into team collideRule_2046 (expected team: 6DB6dm7iafNA)
03.04.2023 - 11:45:19 - [TAB v3.2.4] Something just tried to add player 7ue80b88CO into team collideRule_2046 (expected team: 67ue80b88COA)
03.04.2023 - 11:45:24 - [TAB v3.2.4] Something just tried to add player PzAH0s8rPf into team collideRule_2046 (expected team: 6PzAH0s8rPfA)
03.04.2023 - 11:45:29 - [TAB v3.2.4] Something just tried to add player Ss96M3q5w6 into team collideRule_2046 (expected team: 6Ss96M3q5w6A)
03.04.2023 - 11:45:34 - [TAB v3.2.4] Something just tried to add player NG690wdPHT into team collideRule_2046 (expected team: 6NG690wdPHTA)
03.04.2023 - 11:45:39 - [TAB v3.2.4] Something just tried to add player MKbIpWRB48 into team collideRule_2046 (expected team: 6MKbIpWRB48A)
03.04.2023 - 11:45:44 - [TAB v3.2.4] Something just tried to add player rFsRLslcE4 into team collideRule_2046 (expected team: 6rFsRLslcE4A)
03.04.2023 - 11:45:49 - [TAB v3.2.4] Something just tried to add player QJBELAL2RK into team collideRule_2046 (expected team: 6QJBELAL2RKA)
03.04.2023 - 11:45:54 - [TAB v3.2.4] Something just tried to add player U9QZRWyazw into team collideRule_2046 (expected team: 6U9QZRWyazwA)
03.04.2023 - 11:45:59 - [TAB v3.2.4] Something just tried to add player TFjkAdwhXL into team collideRule_2046 (expected team: 6TFjkAdwhXLA)
03.04.2023 - 11:46:04 - [TAB v3.2.4] Something just tried to add player d1k6GRMqEJ into team collideRule_2046 (expected team: 6d1k6GRMqEJA)
03.04.2023 - 11:46:10 - [TAB v3.2.4] Something just tried to add player JXT6aG9j3u into team collideRule_2046 (expected team: 6JXT6aG9j3uA)
03.04.2023 - 11:46:15 - [TAB v3.2.4] Something just tried to add player U8VeU1mX8J into team collideRule_2046 (expected team: 6U8VeU1mX8JA)
03.04.2023 - 11:46:20 - [TAB v3.2.4] Something just tried to add player gDVMbDqNDT into team collideRule_2046 (expected team: 6gDVMbDqNDTA)
03.04.2023 - 11:46:25 - [TAB v3.2.4] Something just tried to add player ajEEofqsjK into team collideRule_2046 (expected team: 6ajEEofqsjKA)
03.04.2023 - 11:46:30 - [TAB v3.2.4] Something just tried to add player 0zr4CioFfB into team collideRule_2046 (expected team: 60zr4CioFfBA)
03.04.2023 - 11:46:35 - [TAB v3.2.4] Something just tried to add player 5UuqU8gOv8 into team collideRule_2046 (expected team: 65UuqU8gOv8A)
03.04.2023 - 11:46:40 - [TAB v3.2.4] Something just tried to add player eKDSqC9ChZ into team collideRule_2046 (expected team: 6eKDSqC9ChZA)
03.04.2023 - 11:46:40 - [TAB v3.2.4] Something just tried to add player eKDSqC9ChZ into team collideRule_2046 (expected team: 6eKDSqC9ChZA)
03.04.2023 - 11:46:45 - [TAB v3.2.4] Something just tried to add player U5uZH5U6iG into team collideRule_2046 (expected team: 6U5uZH5U6iGA)
03.04.2023 - 11:59:34 - [TAB v3.2.4] Something just tried to add player Barn0 into team collideRule_2046 (expected team: 6Barn0A)
03.04.2023 - 13:22:44 - [TAB v3.2.4] Something just tried to add player Dalynkaa into team collideRule_1009 (expected team: 1DalynkaaA)
03.04.2023 - 13:28:51 - [TAB v3.2.4] Something just tried to add player Dalynkaa into team collideRule_1767 (expected team: 1DalynkaaA)
03.04.2023 - 13:29:07 - [TAB v3.2.4] Something just tried to add player y7W5k5Vzgn into team collideRule_1767 (expected team: 6y7W5k5VzgnA)
03.04.2023 - 13:29:12 - [TAB v3.2.4] Something just tried to add player 7NOF1XGvrf into team collideRule_1767 (expected team: 67NOF1XGvrfA)
03.04.2023 - 13:36:54 - [TAB v3.2.4] Something just tried to add player Dalynkaa into team collideRule_-179 (expected team: 1DalynkaaA)
03.04.2023 - 13:37:54 - [TAB v3.2.4] Something just tried to add player ZenU2vVMiH into team collideRule_-179 (expected team: 6ZenU2vVMiHA)
03.04.2023 - 13:37:59 - [TAB v3.2.4] Something just tried to add player GBl79GxQn3 into team collideRule_-179 (expected team: 6GBl79GxQn3A)
03.04.2023 - 16:11:36 - [TAB v3.2.4] Something just tried to add player Dalynkaa into team collideRule_-213 (expected team: 1DalynkaaA)
03.04.2023 - 16:31:13 - [TAB v3.2.4] Something just tried to add player Dalynkaa into team collideRule_-213 (expected team: 1DalynkaaA)
03.04.2023 - 16:33:45 - [TAB v3.2.4] Something just tried to add player Dalynkaa into team collideRule_-801 (expected team: 1DalynkaaA)
04.04.2023 - 15:32:48 - [TAB v3.2.4] Something just tried to add player Dalynkaa into team collideRule_3850 (expected team: 1DalynkaaA)
04.04.2023 - 15:46:21 - [TAB v3.2.4] Something just tried to add player Dalynkaa into team collideRule_-185 (expected team: 1DalynkaaA)
04.04.2023 - 16:27:10 - [TAB v3.2.4] Something just tried to add player Dalynkaa into team collideRule_-128 (expected team: 1DalynkaaA)
04.04.2023 - 16:27:53 - [TAB v3.2.4] Something just tried to add player ProEvgexa into team collideRule_-128 (expected team: 6ProEvgexaA)
04.04.2023 - 18:21:55 - [TAB v3.2.4] Something just tried to add player Dalynkaa into team collideRule_1955 (expected team: 1DalynkaaA)
08.04.2023 - 14:58:21 - [TAB v3.2.4] Something just tried to add player Fanatka_GYTU into team collideRule_1955 (expected team: 1Fanatka_GYTUA)
27.04.2023 - 18:16:10 - [TAB v3.2.4] Something just tried to add player Dalynkaa into team collideRule_7668 (expected team: 1DalynkaaA)
27.04.2023 - 18:17:39 - [TAB v3.2.4] Something just tried to add player kirill_buch into team collideRule_7668 (expected team: 6kirill_buchA)
09.06.2023 - 19:16:44 - [TAB v3.3.2] Something just tried to add player Dalynkaa into team collideRule_9882 (expected team: 6DalynkaaA)
09.06.2023 - 19:51:00 - [TAB v3.3.2] Something just tried to add player QdJEuZw86h into team collideRule_1689 (expected team: 6QdJEuZw86hA)
09.06.2023 - 19:51:05 - [TAB v3.3.2] Something just tried to add player qoQGti0eFz into team collideRule_1689 (expected team: 6qoQGti0eFzA)
09.06.2023 - 19:51:10 - [TAB v3.3.2] Something just tried to add player 0qF1TGCa8k into team collideRule_1689 (expected team: 60qF1TGCa8kA)
09.06.2023 - 19:51:10 - [TAB v3.3.2] Something just tried to add player 0qF1TGCa8k into team collideRule_1689 (expected team: 60qF1TGCa8kA)
09.06.2023 - 19:51:15 - [TAB v3.3.2] Something just tried to add player SneJj0cgVy into team collideRule_1689 (expected team: 6SneJj0cgVyA)
09.06.2023 - 19:51:20 - [TAB v3.3.2] Something just tried to add player K0161rEmiN into team collideRule_1689 (expected team: 6K0161rEmiNA)
09.06.2023 - 19:51:20 - [TAB v3.3.2] Something just tried to add player K0161rEmiN into team collideRule_1689 (expected team: 6K0161rEmiNA)
09.06.2023 - 19:51:25 - [TAB v3.3.2] Something just tried to add player UoQasXfhN9 into team collideRule_1689 (expected team: 6UoQasXfhN9A)
09.06.2023 - 19:51:25 - [TAB v3.3.2] Something just tried to add player UoQasXfhN9 into team collideRule_1689 (expected team: 6UoQasXfhN9A)
09.06.2023 - 19:51:30 - [TAB v3.3.2] Something just tried to add player m4cTUWwgaF into team collideRule_1689 (expected team: 6m4cTUWwgaFA)
09.06.2023 - 19:51:30 - [TAB v3.3.2] Something just tried to add player m4cTUWwgaF into team collideRule_1689 (expected team: 6m4cTUWwgaFA)
09.06.2023 - 19:51:30 - [TAB v3.3.2] Something just tried to add player m4cTUWwgaF into team collideRule_1689 (expected team: 6m4cTUWwgaFA)
09.06.2023 - 19:51:35 - [TAB v3.3.2] Something just tried to add player vDQFvSGf1e into team collideRule_1689 (expected team: 6vDQFvSGf1eA)
09.06.2023 - 19:51:40 - [TAB v3.3.2] Something just tried to add player WSYpgEF5cY into team collideRule_1689 (expected team: 6WSYpgEF5cYA)
09.06.2023 - 19:51:40 - [TAB v3.3.2] Something just tried to add player WSYpgEF5cY into team collideRule_1689 (expected team: 6WSYpgEF5cYA)
09.06.2023 - 19:51:45 - [TAB v3.3.2] Something just tried to add player FwHZECB8o2 into team collideRule_1689 (expected team: 6FwHZECB8o2A)
09.06.2023 - 19:51:59 - [TAB v3.3.2] Something just tried to add player Dalynkaa into team collideRule_1689 (expected team: 1DalynkaaA)
12.06.2023 - 14:46:59 - [TAB v3.3.2] Something just tried to add player Dalynkaa into team collideRule_-942 (expected team: 1DalynkaaA)
12.06.2023 - 14:49:54 - [TAB v3.3.2] Something just tried to add player Dalynkaa into team collideRule_1339 (expected team: 1DalynkaaA)
12.06.2023 - 15:13:07 - [TAB v3.3.2] Something just tried to add player Dalynkaa into team collideRule_1413 (expected team: 1DalynkaaA)
12.06.2023 - 15:19:18 - [TAB v3.3.2] Something just tried to add player Dalynkaa into team collideRule_1590 (expected team: 1DalynkaaA)
12.06.2023 - 15:29:04 - [TAB v3.3.2] Something just tried to add player Dalynkaa into team collideRule_-100 (expected team: 1DalynkaaA)
12.06.2023 - 15:31:16 - [TAB v3.3.2] Something just tried to add player Dalynkaa into team collideRule_-701 (expected team: 1DalynkaaA)
12.06.2023 - 15:50:57 - [TAB v3.3.2] Something just tried to add player Dalynkaa into team collideRule_-855 (expected team: 1DalynkaaA)
12.06.2023 - 15:54:52 - [TAB v3.3.2] Something just tried to add player Dalynkaa into team collideRule_-161 (expected team: 1DalynkaaA)
12.06.2023 - 16:37:33 - [TAB v3.3.2] Something just tried to add player Dalynkaa into team collideRule_3860 (expected team: 1DalynkaaA)
08.09.2023 - 18:52:35 - [TAB v4.0.3] Something just tried to add player Dalynkaa into team collideRule_-922 (expected team: 6DalynkaaA)
09.09.2023 - 11:01:54 - [TAB v4.0.3] Something just tried to add player Dalynkaa into team collideRule_-101 (expected team: 6DalynkaaA)
09.09.2023 - 11:11:20 - [TAB v4.0.3] Something just tried to add player Dalynkaa into team collideRule_-105 (expected team: 6DalynkaaA)
